main.c:68:9:readRegister	32	static
main.c:82:6:writeRegister	24	static
main.c:93:9:get_status	8	static
main.c:97:6:set_csma_max_retries	24	static
main.c:109:6:set_csma_backoff_exp	16	static
main.c:118:6:set_csma_seed	24	static
main.c:134:6:set_option	24	static
main.c:223:6:_set_state	16	static
main.c:229:6:set_state	24	static
main.c:259:6:set_addr_short	24	static
main.c:270:6:set_addr_long	48	static
main.c:279:6:set_pan	16	static
main.c:287:6:set_chan	24	static
main.c:302:6:at86rf233_init	16	static
main.c:395:6:force_trx_off	8	static
main.c:400:6:reset_state_machine	16	static
main.c:414:6:hardware_reset	8	static
main.c:424:6:sram_write	32	static
main.c:443:7:tx_prepare	16	static
main.c:462:8:tx_load	24	static
main.c:470:6:tx_exec	8	static
main.c:480:6:send	16	static
main.c:493:5:main	32	static
main.c:579:6:SystemClock_Config	96	static
main.c:622:13:MX_SPI3_Init	8	static
main.c:662:13:MX_GPIO_Init	40	static
main.c:717:6:Error_Handler	4	static,ignoring_inline_asm
