main.c:69:9:readRegister	32	static
main.c:83:6:writeRegister	24	static
main.c:94:9:get_status	8	static
main.c:98:6:set_csma_max_retries	24	static
main.c:110:6:set_csma_backoff_exp	16	static
main.c:119:6:set_csma_seed	24	static
main.c:135:6:set_option	24	static
main.c:224:6:_set_state	16	static
main.c:230:6:set_state	24	static
main.c:260:6:set_addr_short	24	static
main.c:271:6:set_addr_long	48	static
main.c:280:6:set_pan	16	static
main.c:288:6:set_chan	24	static
main.c:303:6:at86rf233_init	16	static
main.c:397:6:force_trx_off	8	static
main.c:402:6:reset_state_machine	16	static
main.c:416:6:hardware_reset	8	static
main.c:426:6:sram_write	32	static
main.c:445:7:tx_prepare	16	static
main.c:464:8:tx_load	24	static
main.c:472:6:tx_exec	8	static
main.c:482:6:send	16	static
main.c:490:7:fb_read	24	static
main.c:506:9:rx_len	16	static
main.c:515:7:sram_read	32	static
main.c:534:7:rx_read	24	static
main.c:550:7:at86rf2xx_receive_data	32	dynamic
main.c:571:7:sleepMode	16	static
main.c:580:5:main	16	static
main.c:686:6:SystemClock_Config	96	static
main.c:729:13:MX_SPI3_Init	8	static
main.c:769:13:MX_GPIO_Init	40	static
main.c:824:6:Error_Handler	4	static,ignoring_inline_asm
